<testsuites id="" name="" tests="1" failures="0" skipped="0" errors="0" time="3.2069060000000174">
<testsuite name="example.spec.ts" timestamp="2026-06-12T11:13:53.163Z" hostname="chromium" tests="1" failures="0" skipped="0" time="1.14" errors="0">
<testcase name="get started link" classname="example.spec.ts" time="1.14">
</testcase>
</testsuite>
</testsuites>